// Vitest Snapshot v1, https://vitest.dev/guide/snapshot.html

exports[`ErrorPage > matches snapshot 1`] = `
"<div>
  <page-title-stub></page-title-stub>
  <div>Error</div>
</div>"
`;
