// Vitest Snapshot v1, https://vitest.dev/guide/snapshot.html

exports[`ManufacturerListPage > matches snapshot 1`] = `
"<div>
  <page-title-stub links="[object Object],[object Object]"></page-title-stub>
  <div class="_page_7dde22"><a to="/manufacturers/create">Add manufacturer</a>
    <manufacturer-list-stub manufacturers="[object Object],[object Object],[object Object]" modelvalue="[object Object]" data-test="manufacturer-list-page-list"></manufacturer-list-stub>
    <ui-pagination-stub page="1" total="1" lang="en"></ui-pagination-stub>
  </div>
</div>"
`;
