// Vitest Snapshot v1, https://vitest.dev/guide/snapshot.html

exports[`App > matches snapshot 1`] = `
"<div>
  <!--v-if-->
</div>"
`;
