// Vitest Snapshot v1, https://vitest.dev/guide/snapshot.html

exports[`ProductCreatePage > matches snapshot 1`] = `
"<div>
  <page-title-stub links="[object Object],[object Object],[object Object]"></page-title-stub>
  <product-form-stub></product-form-stub>
</div>"
`;
