// Vitest Snapshot v1, https://vitest.dev/guide/snapshot.html

exports[`ManufacturerForm > matches snapshot 1`] = `
"<form class="_form_df4d98" data-test="manufacturer-form">
  <fieldset label="Title" isrequired=""><input type="text" modelvalue="Apacer" isfocus="" data-test="manufacturer-form-title"></fieldset>
  <fieldset label="Description" isrequired=""><input type="text" data-test="manufacturer-form-description"></fieldset>
  <fieldset label="Country" isrequired=""><input type="text" modelvalue="China" options="Abkhazia,Australia,Austria,Azerbaijan,Aland Islands,Albania,Algeria,Anguilla,Angola,Andorra,Argentina,Armenia,Aruba,Afghanistan,Bahamas,Bangladesh,Barbados,Bahrain,Belarus,Belize,Belgium,Benin,Bulgaria,Bolivia,Bosnia &amp; Herzegovina,Botswana,Brazil,Brunei Darussalam,Burundi,Bhutan,Vatican City,United Kingdom,Hungary,Venezuela,Timor, East,Viet Nam,Gabon,Haiti,Gambia,Ghana,Guadeloupe,Guatemala,Guinea,Guinea-Bissau,Germany,Gibraltar,Hong Kong,Honduras,Grenada,Greenland,Greece,Georgia,Guam,Denmark,Dominica,Dominican Republic,Egypt,Zambia,Western Sahara,Zimbabwe,Israel,India,Indonesia,Jordan,Iraq,Iran,Ireland,Iceland,Spain,Italy,Yemen,Kazakhstan,Cambodia,Cameroon,Canada,Qatar,Kenya,Cyprus,Kyrgyzstan,Kiribati,China,Colombia,Korea, D.P.R.,Korea,Costa Rica,Cote d'Ivoire,Cuba,Kuwait,Lao P.D.R.,Latvia,Lesotho,Liberia,Lebanon,Libyan Arab Jamahiriya,Lithuania,Liechtenstein,Luxembourg,Mauritius,Mauritania,Madagascar,Macedonia,Malawi,Malaysia,Mali,Maldives,Malta,Morocco,Mexico,Mozambique,Moldova,Monaco,Mongolia,Namibia,Nepal,Niger,Nigeria,Netherlands,Nicaragua,New Zealand,Norway,United Arab Emirates,Oman,Pakistan,Panama,Paraguay,Peru,Poland,Portugal,Russia,Romania,San Marino,Saudi Arabia,Senegal,Serbia,Singapore,Syrian Arab Republic,Slovakia,Slovenia,Somalia,Sudan,USA,Tajikistan,Thailand,Tanzania,Togo,Tunisia,Turkmenistan,Turkey,Uganda,Uzbekistan,Ukraine,Uruguay,Micronesia,Fiji,Philippines,Finland,France,Croatia,Chad,Montenegro,Czech Republic,Chile,Switzerland,Sweden,Sri Lanka,Ecuador,Eritrea,Estonia,Ethiopia,South Africa,Jamaica,Japan" isfilter="" lang="en" data-test="manufacturer-form-country"></fieldset><input type="file" label="Upload logo" issingle="" isrequired="" isdisabled="true" extensions="png" lang="en">
  <image-preview-stub urls="resized-1692211814147-Apacer.png" isthumb="false" data-test="manufacturer-form-logo"></image-preview-stub>
  <form-buttons-stub id="64dd1a67f8fd2bdaa35cc735" data-test="manufacturer-form-buttons"></form-buttons-stub>
</form>"
`;
