// Vitest Snapshot v1, https://vitest.dev/guide/snapshot.html

exports[`LoginPage > matches snapshot 1`] = `
"<div>
  <login-form-stub></login-form-stub>
</div>"
`;
